// Jest Snapshot v1, https://goo.gl/fbAQLP

exports[`<QuarkusDependencyPicker /> renders the QuarkusDependencyPicker correctly 1`] = `
<DocumentFragment>
  <div
    class="pf-l-grid pf-m-gutter"
  >
    <div
      class="pf-l-grid__item pf-m-12-col-on-sm pf-m-6-col-on-md"
    >
      <input
        aria-invalid="false"
        aria-label="Search dependencies"
        class="pf-c-form-control"
        placeholder=""
        type="text"
        value=""
      />
      <div
        aria-label="Select dependencies"
        class="dependencyList"
      />
    </div>
  </div>
</DocumentFragment>
`;

exports[`<QuarkusDependencyPicker /> select values and save 1`] = `
<DocumentFragment>
  <div
    class="pf-l-grid pf-m-gutter"
  >
    <div
      class="pf-l-grid__item pf-m-12-col-on-sm pf-m-6-col-on-md"
    >
      <input
        aria-invalid="false"
        aria-label="Search dependencies"
        class="pf-c-form-control"
        placeholder=""
        type="text"
        value=""
      />
      <div
        aria-label="Select dependencies"
        class="dependencyList"
      />
    </div>
  </div>
</DocumentFragment>
`;

exports[`<QuarkusDependencyPicker /> show results for valid search 1`] = `
<DocumentFragment>
  <div
    class="pf-l-grid pf-m-gutter"
  >
    <div
      class="pf-l-grid__item pf-m-12-col-on-sm pf-m-6-col-on-md"
    >
      <input
        aria-invalid="false"
        aria-label="Search dependencies"
        class="pf-c-form-control"
        placeholder=""
        type="text"
        value=""
      />
      <div
        aria-label="Select dependencies"
        class="dependencyList"
      />
    </div>
  </div>
</DocumentFragment>
`;
