// Jest Snapshot v1, https://goo.gl/fbAQLP

exports[`<TogglePanel /> renders the TogglePanel correctly 1`] = `
<DocumentFragment>
  <div
    class="panel "
  >
    <p>
      the panel content
    </p>
  </div>
  <a
    aria-disabled="false"
    aria-label="Expand panel"
    class="pf-c-button pf-m-link"
  >
    <span>
      <svg
        aria-hidden="true"
        fill="currentColor"
        height="1em"
        role="img"
        style="vertical-align: -0.125em;"
        viewBox="0 0 448 512"
        width="1em"
      >
        <path
          d="M448 80v352c0 26.5-21.5 48-48 48H48c-26.5 0-48-21.5-48-48V80c0-26.5 21.5-48 48-48h352c26.5 0 48 21.5 48 48zM92.5 220.5l123 123c4.7 4.7 12.3 4.7 17 0l123-123c7.6-7.6 2.2-20.5-8.5-20.5H101c-10.7 0-16.1 12.9-8.5 20.5z"
          transform=""
        />
      </svg>
       More
    </span>
     TogglePanel
  </a>
</DocumentFragment>
`;

exports[`<TogglePanel /> show the edition panel for the clicked hub 1`] = `
<DocumentFragment>
  <div
    class="panel expanded"
  >
    <p
      title="content"
    >
      the panel content
    </p>
  </div>
  <a
    aria-disabled="false"
    aria-label="Expand panel"
    class="pf-c-button pf-m-link"
  >
    <span>
      <svg
        aria-hidden="true"
        fill="currentColor"
        height="1em"
        role="img"
        style="vertical-align: -0.125em;"
        viewBox="0 0 448 512"
        width="1em"
      >
        <path
          d="M0 432V80c0-26.51 21.49-48 48-48h352c26.51 0 48 21.49 48 48v352c0 26.51-21.49 48-48 48H48c-26.51 0-48-21.49-48-48zm355.515-140.485l-123.03-123.03c-4.686-4.686-12.284-4.686-16.971 0L92.485 291.515c-7.56 7.56-2.206 20.485 8.485 20.485h246.059c10.691 0 16.045-12.926 8.486-20.485z"
          transform=""
        />
      </svg>
       Fewer
    </span>
     TogglePanel
  </a>
</DocumentFragment>
`;
